﻿
> build
> vite build

[36mvite v8.0.10 [32mbuilding client environment for production...[36m[39m
[plugin @laravel/vite-plugin-wayfinder] Types generated for actions, routes, form variants
[2K
transforming...✓ 2985 modules transformed.
node.exe : [31m✗[39m Build failed in 2.50s
At C:\Program Files\nodejs\npm.ps1:29 char:3
+   & $NODE_EXE $NPM_CLI_JS $args
+   ~~~~~~~~~~~~~~~~~~~~~~~~~~~~~
    + CategoryInfo          : NotSpecified: ([31m✗[39m Build failed in 2.50s:String) [], RemoteException
    + FullyQualifiedErrorId : NativeCommandError
 
[31merror during build:
[31mBuild failed with 1 error:

[plugin vite:vue] D:/Laravel/scraper-agents/resources/js/pages/Admin/Sources/Edit.vue
Error: [@vue/compiler-sfc] `defineOptions()` in <script setup> cannot reference locally declared variables because it 
will be hoisted outside of the setup() function. If your component options require initialization in the module scope, 
use a separate normal <script> to export the options instead.

D:/Laravel/scraper-agents/resources/js/pages/Admin/Sources/Edit.vue
23 |              { title: 'Admin', href: '/dashboard' },
24 |              { title: 'Source Management', href: '/admin/sources' },
25 |              { title: 'Edit Source', href: `/admin/sources/${props.source?.id}/edit` },
   |                                                              ^^^^^
26 |          ],
27 |      },
    at ScriptCompileContext.error 
(D:\Laravel\scraper-agents\node_modules\@vue\compiler-sfc\dist\compiler-sfc.cjs.js:19904:11)
    at D:\Laravel\scraper-agents\node_modules\@vue\compiler-sfc\dist\compiler-sfc.cjs.js:24875:13
    at Object.enter (D:\Laravel\scraper-agents\node_modules\@vue\compiler-core\dist\compiler-core.cjs.prod.js:1567:11)
    at SyncWalker.visit (D:\Laravel\scraper-agents\node_modules\estree-walker\dist\umd\estree-walker.js:116:17)
    at SyncWalker.visit (D:\Laravel\scraper-agents\node_modules\estree-walker\dist\umd\estree-walker.js:153:12)
    at SyncWalker.visit (D:\Laravel\scraper-agents\node_modules\estree-walker\dist\umd\estree-walker.js:153:12)
    at SyncWalker.visit (D:\Laravel\scraper-agents\node_modules\estree-walker\dist\umd\estree-walker.js:146:19)
    at SyncWalker.visit (D:\Laravel\scraper-agents\node_modules\estree-walker\dist\umd\estree-walker.js:153:12)
    at SyncWalker.visit (D:\Laravel\scraper-agents\node_modules\estree-walker\dist\umd\estree-walker.js:146:19)
    at SyncWalker.visit (D:\Laravel\scraper-agents\node_modules\estree-walker\dist\umd\estree-walker.js:146:19)[31m
    at aggregateBindingErrorsIntoJsError 
(file:///D:/Laravel/scraper-agents/node_modules/rolldown/dist/shared/error-DL-e8-oE.mjs:48:18)
    at unwrapBindingResult 
(file:///D:/Laravel/scraper-agents/node_modules/rolldown/dist/shared/error-DL-e8-oE.mjs:18:128)
    at #build (file:///D:/Laravel/scraper-agents/node_modules/rolldown/dist/shared/rolldown-build-DSxL8qiP.mjs:3317:34)
    at async buildEnvironment (file:///D:/Laravel/scraper-agents/node_modules/vite/dist/node/chunks/node.js:33018:64)
    at async Object.build (file:///D:/Laravel/scraper-agents/node_modules/vite/dist/node/chunks/node.js:33440:19)
    at async Object.buildApp (file:///D:/Laravel/scraper-agents/node_modules/vite/dist/node/chunks/node.js:33437:153)
    at async CAC.<anonymous> (file:///D:/Laravel/scraper-agents/node_modules/vite/dist/node/cli.js:778:3) {
  errors: [Getter/Setter]
}[39m
